// Jest Snapshot v1, https://goo.gl/fbAQLP

exports[`Chooser renders correctly 1`] = `
<div
  className="section has-text-centered"
  id="chooser"
>
  <div
    className="container"
  >
    <h2
      className="title is-5"
    >
      Select 
      <strong>
        at least 2
      </strong>
       and 
      <strong>
        maximum 4
      </strong>
       
      front-end frameworks and compare them to each other.
    </h2>
    <div
      className="notification"
    >
      <button
        className="is-outlined button is-checkbox is-info"
        onClick={[Function]}
      >
        <Icon
          name="square"
        />
        <span>
          Bootstrap 3
        </span>
      </button>
      <button
        className="is-outlined button is-checkbox is-info"
        onClick={[Function]}
      >
        <Icon
          name="square"
        />
        <span>
          Bootstrap 4 (Alpha)
        </span>
      </button>
      <button
        className="button is-checkbox is-info"
        onClick={[Function]}
      >
        <Icon
          name="check-square"
        />
        <span>
          Bulma
        </span>
      </button>
      <button
        className="is-outlined button is-checkbox is-info"
        onClick={[Function]}
      >
        <Icon
          name="square"
        />
        <span>
          Foundation 6
        </span>
      </button>
      <button
        className="is-outlined button is-checkbox is-info"
        onClick={[Function]}
      >
        <Icon
          name="square"
        />
        <span>
          Foundation 5
        </span>
      </button>
      <button
        className="is-outlined button is-checkbox is-info"
        onClick={[Function]}
      >
        <Icon
          name="square"
        />
        <span>
          Ink Interface Kit
        </span>
      </button>
      <button
        className="is-outlined button is-checkbox is-info"
        onClick={[Function]}
      >
        <Icon
          name="square"
        />
        <span>
          Kube
        </span>
      </button>
      <button
        className="is-outlined button is-checkbox is-info"
        onClick={[Function]}
      >
        <Icon
          name="square"
        />
        <span>
          Materialize
        </span>
      </button>
      <button
        className="is-outlined button is-checkbox is-info"
        onClick={[Function]}
      >
        <Icon
          name="square"
        />
        <span>
          UIkit 2
        </span>
      </button>
      <button
        className="is-outlined button is-checkbox is-info"
        onClick={[Function]}
      >
        <Icon
          name="square"
        />
        <span>
          UIkit 3 (Beta)
        </span>
      </button>
      <button
        className="is-outlined button is-checkbox is-info"
        onClick={[Function]}
      >
        <Icon
          name="square"
        />
        <span>
          Pure.css
        </span>
      </button>
      <button
        className="is-outlined button is-checkbox is-info"
        onClick={[Function]}
      >
        <Icon
          name="square"
        />
        <span>
          Primer
        </span>
      </button>
      <button
        className="is-outlined button is-checkbox is-info"
        onClick={[Function]}
      >
        <Icon
          name="square"
        />
        <span>
          Semantic UI
        </span>
      </button>
      <button
        className="is-outlined button is-checkbox is-info"
        onClick={[Function]}
      >
        <Icon
          name="square"
        />
        <span>
          Spectre.css
        </span>
      </button>
    </div>
  </div>
</div>
`;
